Archive member included to satisfy reference by file (symbol)

c:/program files (x86)/atmel/studio/7.0/toolchain/avr8/avr8-gnu-toolchain/bin/../lib/gcc/avr/5.4.0/../../../../avr/lib/avr5\libm.a(fixunssfsi.o)
                              APP/System/System.o (__fixunssfsi)
c:/program files (x86)/atmel/studio/7.0/toolchain/avr8/avr8-gnu-toolchain/bin/../lib/gcc/avr/5.4.0/../../../../avr/lib/avr5\libm.a(floatsisf.o)
                              APP/System/System.o (__floatunsisf)
c:/program files (x86)/atmel/studio/7.0/toolchain/avr8/avr8-gnu-toolchain/bin/../lib/gcc/avr/5.4.0/../../../../avr/lib/avr5\libm.a(fp_split3.o)
                              c:/program files (x86)/atmel/studio/7.0/toolchain/avr8/avr8-gnu-toolchain/bin/../lib/gcc/avr/5.4.0/../../../../avr/lib/avr5\libm.a(fixunssfsi.o) (__fp_splitA)
c:/program files (x86)/atmel/studio/7.0/toolchain/avr8/avr8-gnu-toolchain/bin/../lib/gcc/avr/5.4.0/../../../../avr/lib/avr5\libm.a(fp_zero.o)
                              c:/program files (x86)/atmel/studio/7.0/toolchain/avr8/avr8-gnu-toolchain/bin/../lib/gcc/avr/5.4.0/../../../../avr/lib/avr5\libm.a(fixunssfsi.o) (__fp_zero)
c:/program files (x86)/atmel/studio/7.0/toolchain/avr8/avr8-gnu-toolchain/bin/../lib/gcc/avr/5.4.0/../../../../avr/lib/avr5\libm.a(mulsf3.o)
                              APP/System/System.o (__mulsf3)
c:/program files (x86)/atmel/studio/7.0/toolchain/avr8/avr8-gnu-toolchain/bin/../lib/gcc/avr/5.4.0/../../../../avr/lib/avr5\libm.a(mulsf3x.o)
                              c:/program files (x86)/atmel/studio/7.0/toolchain/avr8/avr8-gnu-toolchain/bin/../lib/gcc/avr/5.4.0/../../../../avr/lib/avr5\libm.a(mulsf3.o) (__mulsf3x)
c:/program files (x86)/atmel/studio/7.0/toolchain/avr8/avr8-gnu-toolchain/bin/../lib/gcc/avr/5.4.0/../../../../avr/lib/avr5\libm.a(fp_inf.o)
                              c:/program files (x86)/atmel/studio/7.0/toolchain/avr8/avr8-gnu-toolchain/bin/../lib/gcc/avr/5.4.0/../../../../avr/lib/avr5\libm.a(mulsf3x.o) (__fp_inf)
c:/program files (x86)/atmel/studio/7.0/toolchain/avr8/avr8-gnu-toolchain/bin/../lib/gcc/avr/5.4.0/../../../../avr/lib/avr5\libm.a(fp_nan.o)
                              c:/program files (x86)/atmel/studio/7.0/toolchain/avr8/avr8-gnu-toolchain/bin/../lib/gcc/avr/5.4.0/../../../../avr/lib/avr5\libm.a(mulsf3x.o) (__fp_nan)
c:/program files (x86)/atmel/studio/7.0/toolchain/avr8/avr8-gnu-toolchain/bin/../lib/gcc/avr/5.4.0/../../../../avr/lib/avr5\libm.a(fp_pscA.o)
                              c:/program files (x86)/atmel/studio/7.0/toolchain/avr8/avr8-gnu-toolchain/bin/../lib/gcc/avr/5.4.0/../../../../avr/lib/avr5\libm.a(mulsf3x.o) (__fp_pscA)
c:/program files (x86)/atmel/studio/7.0/toolchain/avr8/avr8-gnu-toolchain/bin/../lib/gcc/avr/5.4.0/../../../../avr/lib/avr5\libm.a(fp_pscB.o)
                              c:/program files (x86)/atmel/studio/7.0/toolchain/avr8/avr8-gnu-toolchain/bin/../lib/gcc/avr/5.4.0/../../../../avr/lib/avr5\libm.a(mulsf3x.o) (__fp_pscB)
c:/program files (x86)/atmel/studio/7.0/toolchain/avr8/avr8-gnu-toolchain/bin/../lib/gcc/avr/5.4.0/../../../../avr/lib/avr5\libm.a(fp_round.o)
                              c:/program files (x86)/atmel/studio/7.0/toolchain/avr8/avr8-gnu-toolchain/bin/../lib/gcc/avr/5.4.0/../../../../avr/lib/avr5\libm.a(mulsf3.o) (__fp_round)
c:/program files (x86)/atmel/studio/7.0/toolchain/avr8/avr8-gnu-toolchain/bin/../lib/gcc/avr/5.4.0/avr5\libgcc.a(_exit.o)
                              c:/program files (x86)/atmel/studio/7.0/toolchain/avr8/avr8-gnu-toolchain/bin/../lib/gcc/avr/5.4.0/../../../../avr/lib/avr5/crtatmega32.o (exit)
c:/program files (x86)/atmel/studio/7.0/toolchain/avr8/avr8-gnu-toolchain/bin/../lib/gcc/avr/5.4.0/avr5\libgcc.a(_copy_data.o)
                              HAL/SSD/Seven_Seg.o (__do_copy_data)
c:/program files (x86)/atmel/studio/7.0/toolchain/avr8/avr8-gnu-toolchain/bin/../lib/gcc/avr/5.4.0/avr5\libgcc.a(_clear_bss.o)
                              APP/Main/main.o (__do_clear_bss)
c:/program files (x86)/atmel/studio/7.0/toolchain/avr8/avr8-gnu-toolchain/bin/../lib/gcc/avr/5.4.0/avr5\libgcc.a(_umulhisi3.o)
                              APP/System/System.o (__umulhisi3)
c:/program files (x86)/atmel/studio/7.0/toolchain/avr8/avr8-gnu-toolchain/bin/../lib/gcc/avr/5.4.0/avr5\libgcc.a(_muluhisi3.o)
                              MCAL/Timer/Timer.o (__muluhisi3)

Allocating common symbols
Common symbol       size              file

MODE                0x1               APP/Main/main.o
arr_counter         0x2               APP/Main/main.o
toggle_flag         0x2               APP/Main/main.o
setting_counter     0x1               APP/Main/main.o
desired_temp        0x2               APP/Main/main.o
actual_temp         0x2               APP/Main/main.o
avg_temp            0x2               APP/Main/main.o
temp_measure_flag   0x1               APP/Main/main.o
temp_measure_counter
                    0x1               APP/Main/main.o
temp_arr            0x14              APP/Main/main.o

Discarded input sections

 .data          0x00000000        0x0 c:/program files (x86)/atmel/studio/7.0/toolchain/avr8/avr8-gnu-toolchain/bin/../lib/gcc/avr/5.4.0/../../../../avr/lib/avr5/crtatmega32.o
 .bss           0x00000000        0x0 c:/program files (x86)/atmel/studio/7.0/toolchain/avr8/avr8-gnu-toolchain/bin/../lib/gcc/avr/5.4.0/../../../../avr/lib/avr5/crtatmega32.o
 .text          0x00000000        0x0 APP/Main/main.o
 .data          0x00000000        0x0 APP/Main/main.o
 .bss           0x00000000        0x0 APP/Main/main.o
 .text          0x00000000        0x0 APP/System/System.o
 .data          0x00000000        0x0 APP/System/System.o
 .bss           0x00000000        0x0 APP/System/System.o
 .text          0x00000000        0x0 HAL/BTN/BTN.o
 .data          0x00000000        0x0 HAL/BTN/BTN.o
 .bss           0x00000000        0x0 HAL/BTN/BTN.o
 .text          0x00000000        0x0 HAL/COOL_HEAT/Cooling.o
 .data          0x00000000        0x0 HAL/COOL_HEAT/Cooling.o
 .bss           0x00000000        0x0 HAL/COOL_HEAT/Cooling.o
 .text          0x00000000        0x0 HAL/LED/LED.o
 .data          0x00000000        0x0 HAL/LED/LED.o
 .bss           0x00000000        0x0 HAL/LED/LED.o
 .text.LED0_Toggle
                0x00000000        0x8 HAL/LED/LED.o
 .text          0x00000000        0x0 HAL/SSD/Seven_Seg.o
 .data          0x00000000        0x0 HAL/SSD/Seven_Seg.o
 .bss           0x00000000        0x0 HAL/SSD/Seven_Seg.o
 .text          0x00000000        0x0 MCAL/ADC/ADC.o
 .data          0x00000000        0x0 MCAL/ADC/ADC.o
 .bss           0x00000000        0x0 MCAL/ADC/ADC.o
 .text          0x00000000        0x0 MCAL/DIO/DIO_CORE.o
 .data          0x00000000        0x0 MCAL/DIO/DIO_CORE.o
 .bss           0x00000000        0x0 MCAL/DIO/DIO_CORE.o
 .text.DIO_FlipChannel
                0x00000000       0x82 MCAL/DIO/DIO_CORE.o
 .text.DIO_WriteDDR
                0x00000000       0x26 MCAL/DIO/DIO_CORE.o
 .text.DIO_ReadPort
                0x00000000       0x36 MCAL/DIO/DIO_CORE.o
 .text.DIO_ReadOutputPort
                0x00000000       0x36 MCAL/DIO/DIO_CORE.o
 .text          0x00000000        0x0 MCAL/EEPROM/EEPROM_Core.o
 .data          0x00000000        0x0 MCAL/EEPROM/EEPROM_Core.o
 .bss           0x00000000        0x0 MCAL/EEPROM/EEPROM_Core.o
 .text          0x00000000        0x0 MCAL/MCAL_CFG/PORT_CFG/PORT_CFG.o
 .data          0x00000000        0x0 MCAL/MCAL_CFG/PORT_CFG/PORT_CFG.o
 .bss           0x00000000        0x0 MCAL/MCAL_CFG/PORT_CFG/PORT_CFG.o
 .text          0x00000000        0x0 MCAL/PORT/PORT_Core.o
 .data          0x00000000        0x0 MCAL/PORT/PORT_Core.o
 .bss           0x00000000        0x0 MCAL/PORT/PORT_Core.o
 .text          0x00000000        0x0 MCAL/Timer/Timer.o
 .data          0x00000000        0x0 MCAL/Timer/Timer.o
 .bss           0x00000000        0x0 MCAL/Timer/Timer.o
 .text.Timer0_Start
                0x00000000        0x8 MCAL/Timer/Timer.o
 .text.Timer0_Stop
                0x00000000       0x14 MCAL/Timer/Timer.o
 .text.Timer0_SetDelay
                0x00000000       0x80 MCAL/Timer/Timer.o
 .text.Timer1_Start
                0x00000000        0x8 MCAL/Timer/Timer.o
 .text.Timer1_Stop
                0x00000000       0x14 MCAL/Timer/Timer.o
 .text.Timer1_SetDelay
                0x00000000       0x34 MCAL/Timer/Timer.o
 .text.Timer1_INT_disable
                0x00000000        0x8 MCAL/Timer/Timer.o
 .bss.Namber_OVRflows
                0x00000000        0x4 MCAL/Timer/Timer.o
 .bss.Init_Value
                0x00000000        0x1 MCAL/Timer/Timer.o
 .text          0x00000000        0x0 c:/program files (x86)/atmel/studio/7.0/toolchain/avr8/avr8-gnu-toolchain/bin/../lib/gcc/avr/5.4.0/../../../../avr/lib/avr5\libm.a(fixunssfsi.o)
 .data          0x00000000        0x0 c:/program files (x86)/atmel/studio/7.0/toolchain/avr8/avr8-gnu-toolchain/bin/../lib/gcc/avr/5.4.0/../../../../avr/lib/avr5\libm.a(fixunssfsi.o)
 .bss           0x00000000        0x0 c:/program files (x86)/atmel/studio/7.0/toolchain/avr8/avr8-gnu-toolchain/bin/../lib/gcc/avr/5.4.0/../../../../avr/lib/avr5\libm.a(fixunssfsi.o)
 .text          0x00000000        0x0 c:/program files (x86)/atmel/studio/7.0/toolchain/avr8/avr8-gnu-toolchain/bin/../lib/gcc/avr/5.4.0/../../../../avr/lib/avr5\libm.a(floatsisf.o)
 .data          0x00000000        0x0 c:/program files (x86)/atmel/studio/7.0/toolchain/avr8/avr8-gnu-toolchain/bin/../lib/gcc/avr/5.4.0/../../../../avr/lib/avr5\libm.a(floatsisf.o)
 .bss           0x00000000        0x0 c:/program files (x86)/atmel/studio/7.0/toolchain/avr8/avr8-gnu-toolchain/bin/../lib/gcc/avr/5.4.0/../../../../avr/lib/avr5\libm.a(floatsisf.o)
 .text          0x00000000        0x0 c:/program files (x86)/atmel/studio/7.0/toolchain/avr8/avr8-gnu-toolchain/bin/../lib/gcc/avr/5.4.0/../../../../avr/lib/avr5\libm.a(fp_split3.o)
 .data          0x00000000        0x0 c:/program files (x86)/atmel/studio/7.0/toolchain/avr8/avr8-gnu-toolchain/bin/../lib/gcc/avr/5.4.0/../../../../avr/lib/avr5\libm.a(fp_split3.o)
 .bss           0x00000000        0x0 c:/program files (x86)/atmel/studio/7.0/toolchain/avr8/avr8-gnu-toolchain/bin/../lib/gcc/avr/5.4.0/../../../../avr/lib/avr5\libm.a(fp_split3.o)
 .text          0x00000000        0x0 c:/program files (x86)/atmel/studio/7.0/toolchain/avr8/avr8-gnu-toolchain/bin/../lib/gcc/avr/5.4.0/../../../../avr/lib/avr5\libm.a(fp_zero.o)
 .data          0x00000000        0x0 c:/program files (x86)/atmel/studio/7.0/toolchain/avr8/avr8-gnu-toolchain/bin/../lib/gcc/avr/5.4.0/../../../../avr/lib/avr5\libm.a(fp_zero.o)
 .bss           0x00000000        0x0 c:/program files (x86)/atmel/studio/7.0/toolchain/avr8/avr8-gnu-toolchain/bin/../lib/gcc/avr/5.4.0/../../../../avr/lib/avr5\libm.a(fp_zero.o)
 .text          0x00000000        0x0 c:/program files (x86)/atmel/studio/7.0/toolchain/avr8/avr8-gnu-toolchain/bin/../lib/gcc/avr/5.4.0/../../../../avr/lib/avr5\libm.a(mulsf3.o)
 .data          0x00000000        0x0 c:/program files (x86)/atmel/studio/7.0/toolchain/avr8/avr8-gnu-toolchain/bin/../lib/gcc/avr/5.4.0/../../../../avr/lib/avr5\libm.a(mulsf3.o)
 .bss           0x00000000        0x0 c:/program files (x86)/atmel/studio/7.0/toolchain/avr8/avr8-gnu-toolchain/bin/../lib/gcc/avr/5.4.0/../../../../avr/lib/avr5\libm.a(mulsf3.o)
 .text          0x00000000        0x0 c:/program files (x86)/atmel/studio/7.0/toolchain/avr8/avr8-gnu-toolchain/bin/../lib/gcc/avr/5.4.0/../../../../avr/lib/avr5\libm.a(mulsf3x.o)
 .data          0x00000000        0x0 c:/program files (x86)/atmel/studio/7.0/toolchain/avr8/avr8-gnu-toolchain/bin/../lib/gcc/avr/5.4.0/../../../../avr/lib/avr5\libm.a(mulsf3x.o)
 .bss           0x00000000        0x0 c:/program files (x86)/atmel/studio/7.0/toolchain/avr8/avr8-gnu-toolchain/bin/../lib/gcc/avr/5.4.0/../../../../avr/lib/avr5\libm.a(mulsf3x.o)
 .text          0x00000000        0x0 c:/program files (x86)/atmel/studio/7.0/toolchain/avr8/avr8-gnu-toolchain/bin/../lib/gcc/avr/5.4.0/../../../../avr/lib/avr5\libm.a(fp_inf.o)
 .data          0x00000000        0x0 c:/program files (x86)/atmel/studio/7.0/toolchain/avr8/avr8-gnu-toolchain/bin/../lib/gcc/avr/5.4.0/../../../../avr/lib/avr5\libm.a(fp_inf.o)
 .bss           0x00000000        0x0 c:/program files (x86)/atmel/studio/7.0/toolchain/avr8/avr8-gnu-toolchain/bin/../lib/gcc/avr/5.4.0/../../../../avr/lib/avr5\libm.a(fp_inf.o)
 .text          0x00000000        0x0 c:/program files (x86)/atmel/studio/7.0/toolchain/avr8/avr8-gnu-toolchain/bin/../lib/gcc/avr/5.4.0/../../../../avr/lib/avr5\libm.a(fp_nan.o)
 .data          0x00000000        0x0 c:/program files (x86)/atmel/studio/7.0/toolchain/avr8/avr8-gnu-toolchain/bin/../lib/gcc/avr/5.4.0/../../../../avr/lib/avr5\libm.a(fp_nan.o)
 .bss           0x00000000        0x0 c:/program files (x86)/atmel/studio/7.0/toolchain/avr8/avr8-gnu-toolchain/bin/../lib/gcc/avr/5.4.0/../../../../avr/lib/avr5\libm.a(fp_nan.o)
 .text          0x00000000        0x0 c:/program files (x86)/atmel/studio/7.0/toolchain/avr8/avr8-gnu-toolchain/bin/../lib/gcc/avr/5.4.0/../../../../avr/lib/avr5\libm.a(fp_pscA.o)
 .data          0x00000000        0x0 c:/program files (x86)/atmel/studio/7.0/toolchain/avr8/avr8-gnu-toolchain/bin/../lib/gcc/avr/5.4.0/../../../../avr/lib/avr5\libm.a(fp_pscA.o)
 .bss           0x00000000        0x0 c:/program files (x86)/atmel/studio/7.0/toolchain/avr8/avr8-gnu-toolchain/bin/../lib/gcc/avr/5.4.0/../../../../avr/lib/avr5\libm.a(fp_pscA.o)
 .text          0x00000000        0x0 c:/program files (x86)/atmel/studio/7.0/toolchain/avr8/avr8-gnu-toolchain/bin/../lib/gcc/avr/5.4.0/../../../../avr/lib/avr5\libm.a(fp_pscB.o)
 .data          0x00000000        0x0 c:/program files (x86)/atmel/studio/7.0/toolchain/avr8/avr8-gnu-toolchain/bin/../lib/gcc/avr/5.4.0/../../../../avr/lib/avr5\libm.a(fp_pscB.o)
 .bss           0x00000000        0x0 c:/program files (x86)/atmel/studio/7.0/toolchain/avr8/avr8-gnu-toolchain/bin/../lib/gcc/avr/5.4.0/../../../../avr/lib/avr5\libm.a(fp_pscB.o)
 .text          0x00000000        0x0 c:/program files (x86)/atmel/studio/7.0/toolchain/avr8/avr8-gnu-toolchain/bin/../lib/gcc/avr/5.4.0/../../../../avr/lib/avr5\libm.a(fp_round.o)
 .data          0x00000000        0x0 c:/program files (x86)/atmel/studio/7.0/toolchain/avr8/avr8-gnu-toolchain/bin/../lib/gcc/avr/5.4.0/../../../../avr/lib/avr5\libm.a(fp_round.o)
 .bss           0x00000000        0x0 c:/program files (x86)/atmel/studio/7.0/toolchain/avr8/avr8-gnu-toolchain/bin/../lib/gcc/avr/5.4.0/../../../../avr/lib/avr5\libm.a(fp_round.o)
 .text          0x00000000        0x0 c:/program files (x86)/atmel/studio/7.0/toolchain/avr8/avr8-gnu-toolchain/bin/../lib/gcc/avr/5.4.0/avr5\libgcc.a(_exit.o)
 .data          0x00000000        0x0 c:/program files (x86)/atmel/studio/7.0/toolchain/avr8/avr8-gnu-toolchain/bin/../lib/gcc/avr/5.4.0/avr5\libgcc.a(_exit.o)
 .bss           0x00000000        0x0 c:/program files (x86)/atmel/studio/7.0/toolchain/avr8/avr8-gnu-toolchain/bin/../lib/gcc/avr/5.4.0/avr5\libgcc.a(_exit.o)
 .text.libgcc.mul
                0x00000000        0x0 c:/program files (x86)/atmel/studio/7.0/toolchain/avr8/avr8-gnu-toolchain/bin/../lib/gcc/avr/5.4.0/avr5\libgcc.a(_exit.o)
 .text.libgcc.div
                0x00000000        0x0 c:/program files (x86)/atmel/studio/7.0/toolchain/avr8/avr8-gnu-toolchain/bin/../lib/gcc/avr/5.4.0/avr5\libgcc.a(_exit.o)
 .text.libgcc   0x00000000        0x0 c:/program files (x86)/atmel/studio/7.0/toolchain/avr8/avr8-gnu-toolchain/bin/../lib/gcc/avr/5.4.0/avr5\libgcc.a(_exit.o)
 .text.libgcc.prologue
                0x00000000        0x0 c:/program files (x86)/atmel/studio/7.0/toolchain/avr8/avr8-gnu-toolchain/bin/../lib/gcc/avr/5.4.0/avr5\libgcc.a(_exit.o)
 .text.libgcc.builtins
                0x00000000        0x0 c:/program files (x86)/atmel/studio/7.0/toolchain/avr8/avr8-gnu-toolchain/bin/../lib/gcc/avr/5.4.0/avr5\libgcc.a(_exit.o)
 .text.libgcc.fmul
                0x00000000        0x0 c:/program files (x86)/atmel/studio/7.0/toolchain/avr8/avr8-gnu-toolchain/bin/../lib/gcc/avr/5.4.0/avr5\libgcc.a(_exit.o)
 .text.libgcc.fixed
                0x00000000        0x0 c:/program files (x86)/atmel/studio/7.0/toolchain/avr8/avr8-gnu-toolchain/bin/../lib/gcc/avr/5.4.0/avr5\libgcc.a(_exit.o)
 .text          0x00000000        0x0 c:/program files (x86)/atmel/studio/7.0/toolchain/avr8/avr8-gnu-toolchain/bin/../lib/gcc/avr/5.4.0/avr5\libgcc.a(_copy_data.o)
 .data          0x00000000        0x0 c:/program files (x86)/atmel/studio/7.0/toolchain/avr8/avr8-gnu-toolchain/bin/../lib/gcc/avr/5.4.0/avr5\libgcc.a(_copy_data.o)
 .bss           0x00000000        0x0 c:/program files (x86)/atmel/studio/7.0/toolchain/avr8/avr8-gnu-toolchain/bin/../lib/gcc/avr/5.4.0/avr5\libgcc.a(_copy_data.o)
 .text.libgcc.mul
                0x00000000        0x0 c:/program files (x86)/atmel/studio/7.0/toolchain/avr8/avr8-gnu-toolchain/bin/../lib/gcc/avr/5.4.0/avr5\libgcc.a(_copy_data.o)
 .text.libgcc.div
                0x00000000        0x0 c:/program files (x86)/atmel/studio/7.0/toolchain/avr8/avr8-gnu-toolchain/bin/../lib/gcc/avr/5.4.0/avr5\libgcc.a(_copy_data.o)
 .text.libgcc   0x00000000        0x0 c:/program files (x86)/atmel/studio/7.0/toolchain/avr8/avr8-gnu-toolchain/bin/../lib/gcc/avr/5.4.0/avr5\libgcc.a(_copy_data.o)
 .text.libgcc.prologue
                0x00000000        0x0 c:/program files (x86)/atmel/studio/7.0/toolchain/avr8/avr8-gnu-toolchain/bin/../lib/gcc/avr/5.4.0/avr5\libgcc.a(_copy_data.o)
 .text.libgcc.builtins
                0x00000000        0x0 c:/program files (x86)/atmel/studio/7.0/toolchain/avr8/avr8-gnu-toolchain/bin/../lib/gcc/avr/5.4.0/avr5\libgcc.a(_copy_data.o)
 .text.libgcc.fmul
                0x00000000        0x0 c:/program files (x86)/atmel/studio/7.0/toolchain/avr8/avr8-gnu-toolchain/bin/../lib/gcc/avr/5.4.0/avr5\libgcc.a(_copy_data.o)
 .text.libgcc.fixed
                0x00000000        0x0 c:/program files (x86)/atmel/studio/7.0/toolchain/avr8/avr8-gnu-toolchain/bin/../lib/gcc/avr/5.4.0/avr5\libgcc.a(_copy_data.o)
 .text          0x00000000        0x0 c:/program files (x86)/atmel/studio/7.0/toolchain/avr8/avr8-gnu-toolchain/bin/../lib/gcc/avr/5.4.0/avr5\libgcc.a(_clear_bss.o)
 .data          0x00000000        0x0 c:/program files (x86)/atmel/studio/7.0/toolchain/avr8/avr8-gnu-toolchain/bin/../lib/gcc/avr/5.4.0/avr5\libgcc.a(_clear_bss.o)
 .bss           0x00000000        0x0 c:/program files (x86)/atmel/studio/7.0/toolchain/avr8/avr8-gnu-toolchain/bin/../lib/gcc/avr/5.4.0/avr5\libgcc.a(_clear_bss.o)
 .text.libgcc.mul
                0x00000000        0x0 c:/program files (x86)/atmel/studio/7.0/toolchain/avr8/avr8-gnu-toolchain/bin/../lib/gcc/avr/5.4.0/avr5\libgcc.a(_clear_bss.o)
 .text.libgcc.div
                0x00000000        0x0 c:/program files (x86)/atmel/studio/7.0/toolchain/avr8/avr8-gnu-toolchain/bin/../lib/gcc/avr/5.4.0/avr5\libgcc.a(_clear_bss.o)
 .text.libgcc   0x00000000        0x0 c:/program files (x86)/atmel/studio/7.0/toolchain/avr8/avr8-gnu-toolchain/bin/../lib/gcc/avr/5.4.0/avr5\libgcc.a(_clear_bss.o)
 .text.libgcc.prologue
                0x00000000        0x0 c:/program files (x86)/atmel/studio/7.0/toolchain/avr8/avr8-gnu-toolchain/bin/../lib/gcc/avr/5.4.0/avr5\libgcc.a(_clear_bss.o)
 .text.libgcc.builtins
                0x00000000        0x0 c:/program files (x86)/atmel/studio/7.0/toolchain/avr8/avr8-gnu-toolchain/bin/../lib/gcc/avr/5.4.0/avr5\libgcc.a(_clear_bss.o)
 .text.libgcc.fmul
                0x00000000        0x0 c:/program files (x86)/atmel/studio/7.0/toolchain/avr8/avr8-gnu-toolchain/bin/../lib/gcc/avr/5.4.0/avr5\libgcc.a(_clear_bss.o)
 .text.libgcc.fixed
                0x00000000        0x0 c:/program files (x86)/atmel/studio/7.0/toolchain/avr8/avr8-gnu-toolchain/bin/../lib/gcc/avr/5.4.0/avr5\libgcc.a(_clear_bss.o)
 .text          0x00000000        0x0 c:/program files (x86)/atmel/studio/7.0/toolchain/avr8/avr8-gnu-toolchain/bin/../lib/gcc/avr/5.4.0/avr5\libgcc.a(_umulhisi3.o)
 .data          0x00000000        0x0 c:/program files (x86)/atmel/studio/7.0/toolchain/avr8/avr8-gnu-toolchain/bin/../lib/gcc/avr/5.4.0/avr5\libgcc.a(_umulhisi3.o)
 .bss           0x00000000        0x0 c:/program files (x86)/atmel/studio/7.0/toolchain/avr8/avr8-gnu-toolchain/bin/../lib/gcc/avr/5.4.0/avr5\libgcc.a(_umulhisi3.o)
 .text.libgcc.div
                0x00000000        0x0 c:/program files (x86)/atmel/studio/7.0/toolchain/avr8/avr8-gnu-toolchain/bin/../lib/gcc/avr/5.4.0/avr5\libgcc.a(_umulhisi3.o)
 .text.libgcc   0x00000000        0x0 c:/program files (x86)/atmel/studio/7.0/toolchain/avr8/avr8-gnu-toolchain/bin/../lib/gcc/avr/5.4.0/avr5\libgcc.a(_umulhisi3.o)
 .text.libgcc.prologue
                0x00000000        0x0 c:/program files (x86)/atmel/studio/7.0/toolchain/avr8/avr8-gnu-toolchain/bin/../lib/gcc/avr/5.4.0/avr5\libgcc.a(_umulhisi3.o)
 .text.libgcc.builtins
                0x00000000        0x0 c:/program files (x86)/atmel/studio/7.0/toolchain/avr8/avr8-gnu-toolchain/bin/../lib/gcc/avr/5.4.0/avr5\libgcc.a(_umulhisi3.o)
 .text.libgcc.fmul
                0x00000000        0x0 c:/program files (x86)/atmel/studio/7.0/toolchain/avr8/avr8-gnu-toolchain/bin/../lib/gcc/avr/5.4.0/avr5\libgcc.a(_umulhisi3.o)
 .text.libgcc.fixed
                0x00000000        0x0 c:/program files (x86)/atmel/studio/7.0/toolchain/avr8/avr8-gnu-toolchain/bin/../lib/gcc/avr/5.4.0/avr5\libgcc.a(_umulhisi3.o)
 .text          0x00000000        0x0 c:/program files (x86)/atmel/studio/7.0/toolchain/avr8/avr8-gnu-toolchain/bin/../lib/gcc/avr/5.4.0/avr5\libgcc.a(_muluhisi3.o)
 .data          0x00000000        0x0 c:/program files (x86)/atmel/studio/7.0/toolchain/avr8/avr8-gnu-toolchain/bin/../lib/gcc/avr/5.4.0/avr5\libgcc.a(_muluhisi3.o)
 .bss           0x00000000        0x0 c:/program files (x86)/atmel/studio/7.0/toolchain/avr8/avr8-gnu-toolchain/bin/../lib/gcc/avr/5.4.0/avr5\libgcc.a(_muluhisi3.o)
 .text.libgcc.mul
                0x00000000       0x16 c:/program files (x86)/atmel/studio/7.0/toolchain/avr8/avr8-gnu-toolchain/bin/../lib/gcc/avr/5.4.0/avr5\libgcc.a(_muluhisi3.o)
 .text.libgcc.div
                0x00000000        0x0 c:/program files (x86)/atmel/studio/7.0/toolchain/avr8/avr8-gnu-toolchain/bin/../lib/gcc/avr/5.4.0/avr5\libgcc.a(_muluhisi3.o)
 .text.libgcc   0x00000000        0x0 c:/program files (x86)/atmel/studio/7.0/toolchain/avr8/avr8-gnu-toolchain/bin/../lib/gcc/avr/5.4.0/avr5\libgcc.a(_muluhisi3.o)
 .text.libgcc.prologue
                0x00000000        0x0 c:/program files (x86)/atmel/studio/7.0/toolchain/avr8/avr8-gnu-toolchain/bin/../lib/gcc/avr/5.4.0/avr5\libgcc.a(_muluhisi3.o)
 .text.libgcc.builtins
                0x00000000        0x0 c:/program files (x86)/atmel/studio/7.0/toolchain/avr8/avr8-gnu-toolchain/bin/../lib/gcc/avr/5.4.0/avr5\libgcc.a(_muluhisi3.o)
 .text.libgcc.fmul
                0x00000000        0x0 c:/program files (x86)/atmel/studio/7.0/toolchain/avr8/avr8-gnu-toolchain/bin/../lib/gcc/avr/5.4.0/avr5\libgcc.a(_muluhisi3.o)
 .text.libgcc.fixed
                0x00000000        0x0 c:/program files (x86)/atmel/studio/7.0/toolchain/avr8/avr8-gnu-toolchain/bin/../lib/gcc/avr/5.4.0/avr5\libgcc.a(_muluhisi3.o)

Memory Configuration

Name             Origin             Length             Attributes
text             0x00000000         0x00008000         xr
data             0x00800060         0x00000800         rw !x
eeprom           0x00810000         0x00000400         rw !x
fuse             0x00820000         0x00000002         rw !x
lock             0x00830000         0x00000400         rw !x
signature        0x00840000         0x00000400         rw !x
user_signatures  0x00850000         0x00000400         rw !x
*default*        0x00000000         0xffffffff

Linker script and memory map

LOAD c:/program files (x86)/atmel/studio/7.0/toolchain/avr8/avr8-gnu-toolchain/bin/../lib/gcc/avr/5.4.0/../../../../avr/lib/avr5/crtatmega32.o
LOAD APP/Main/main.o
LOAD APP/System/System.o
LOAD HAL/BTN/BTN.o
LOAD HAL/COOL_HEAT/Cooling.o
LOAD HAL/LED/LED.o
LOAD HAL/SSD/Seven_Seg.o
LOAD MCAL/ADC/ADC.o
LOAD MCAL/DIO/DIO_CORE.o
LOAD MCAL/EEPROM/EEPROM_Core.o
LOAD MCAL/MCAL_CFG/PORT_CFG/PORT_CFG.o
LOAD MCAL/PORT/PORT_Core.o
LOAD MCAL/Timer/Timer.o
START GROUP
LOAD c:/program files (x86)/atmel/studio/7.0/toolchain/avr8/avr8-gnu-toolchain/bin/../lib/gcc/avr/5.4.0/../../../../avr/lib/avr5\libm.a
END GROUP
START GROUP
LOAD c:/program files (x86)/atmel/studio/7.0/toolchain/avr8/avr8-gnu-toolchain/bin/../lib/gcc/avr/5.4.0/avr5\libgcc.a
LOAD c:/program files (x86)/atmel/studio/7.0/toolchain/avr8/avr8-gnu-toolchain/bin/../lib/gcc/avr/5.4.0/../../../../avr/lib/avr5\libm.a
LOAD c:/program files (x86)/atmel/studio/7.0/toolchain/avr8/avr8-gnu-toolchain/bin/../lib/gcc/avr/5.4.0/../../../../avr/lib/avr5\libc.a
LOAD c:/program files (x86)/atmel/studio/7.0/toolchain/avr8/avr8-gnu-toolchain/bin/../lib/gcc/avr/5.4.0/../../../../avr/lib/avr5\libatmega32.a
END GROUP
                0x00000000                __TEXT_REGION_ORIGIN__ = DEFINED (__TEXT_REGION_ORIGIN__)?__TEXT_REGION_ORIGIN__:0x0
                [0x00800060]                __DATA_REGION_ORIGIN__ = DEFINED (__DATA_REGION_ORIGIN__)?__DATA_REGION_ORIGIN__:0x800060
                [0x00008000]                __TEXT_REGION_LENGTH__ = DEFINED (__TEXT_REGION_LENGTH__)?__TEXT_REGION_LENGTH__:0x20000
                [0x00000800]                __DATA_REGION_LENGTH__ = DEFINED (__DATA_REGION_LENGTH__)?__DATA_REGION_LENGTH__:0xffa0
                [0x00000400]                __EEPROM_REGION_LENGTH__ = DEFINED (__EEPROM_REGION_LENGTH__)?__EEPROM_REGION_LENGTH__:0x10000
                [0x00000002]                __FUSE_REGION_LENGTH__ = DEFINED (__FUSE_REGION_LENGTH__)?__FUSE_REGION_LENGTH__:0x400
                0x00000400                __LOCK_REGION_LENGTH__ = DEFINED (__LOCK_REGION_LENGTH__)?__LOCK_REGION_LENGTH__:0x400
                0x00000400                __SIGNATURE_REGION_LENGTH__ = DEFINED (__SIGNATURE_REGION_LENGTH__)?__SIGNATURE_REGION_LENGTH__:0x400
                0x00000400                __USER_SIGNATURE_REGION_LENGTH__ = DEFINED (__USER_SIGNATURE_REGION_LENGTH__)?__USER_SIGNATURE_REGION_LENGTH__:0x400

.hash
 *(.hash)

.dynsym
 *(.dynsym)

.dynstr
 *(.dynstr)

.gnu.version
 *(.gnu.version)

.gnu.version_d
 *(.gnu.version_d)

.gnu.version_r
 *(.gnu.version_r)

.rel.init
 *(.rel.init)

.rela.init
 *(.rela.init)

.rel.text
 *(.rel.text)
 *(.rel.text.*)
 *(.rel.gnu.linkonce.t*)

.rela.text
 *(.rela.text)
 *(.rela.text.*)
 *(.rela.gnu.linkonce.t*)

.rel.fini
 *(.rel.fini)

.rela.fini
 *(.rela.fini)

.rel.rodata
 *(.rel.rodata)
 *(.rel.rodata.*)
 *(.rel.gnu.linkonce.r*)

.rela.rodata
 *(.rela.rodata)
 *(.rela.rodata.*)
 *(.rela.gnu.linkonce.r*)

.rel.data
 *(.rel.data)
 *(.rel.data.*)
 *(.rel.gnu.linkonce.d*)

.rela.data
 *(.rela.data)
 *(.rela.data.*)
 *(.rela.gnu.linkonce.d*)

.rel.ctors
 *(.rel.ctors)

.rela.ctors
 *(.rela.ctors)

.rel.dtors
 *(.rel.dtors)

.rela.dtors
 *(.rela.dtors)

.rel.got
 *(.rel.got)

.rela.got
 *(.rela.got)

.rel.bss
 *(.rel.bss)

.rela.bss
 *(.rela.bss)

.rel.plt
 *(.rel.plt)

.rela.plt
 *(.rela.plt)

.text           0x00000000      0xc64
 *(.vectors)
 .vectors       0x00000000       0x54 c:/program files (x86)/atmel/studio/7.0/toolchain/avr8/avr8-gnu-toolchain/bin/../lib/gcc/avr/5.4.0/../../../../avr/lib/avr5/crtatmega32.o
                0x00000000                __vector_default
                0x00000000                __vectors
 *(.vectors)
 *(.progmem.gcc*)
                0x00000054                . = ALIGN (0x2)
                0x00000054                __trampolines_start = .
 *(.trampolines)
 .trampolines   0x00000054        0x0 linker stubs
 *(.trampolines*)
                0x00000054                __trampolines_end = .
 *libprintf_flt.a:*(.progmem.data)
 *libc.a:*(.progmem.data)
 *(.progmem*)
                0x00000054                . = ALIGN (0x2)
 *(.jumptables)
 *(.jumptables*)
 *(.lowtext)
 *(.lowtext*)
                0x00000054                __ctors_start = .
 *(.ctors)
                0x00000054                __ctors_end = .
                0x00000054                __dtors_start = .
 *(.dtors)
                0x00000054                __dtors_end = .
 SORT(*)(.ctors)
 SORT(*)(.dtors)
 *(.init0)
 .init0         0x00000054        0x0 c:/program files (x86)/atmel/studio/7.0/toolchain/avr8/avr8-gnu-toolchain/bin/../lib/gcc/avr/5.4.0/../../../../avr/lib/avr5/crtatmega32.o
                0x00000054                __init
 *(.init0)
 *(.init1)
 *(.init1)
 *(.init2)
 .init2         0x00000054        0xc c:/program files (x86)/atmel/studio/7.0/toolchain/avr8/avr8-gnu-toolchain/bin/../lib/gcc/avr/5.4.0/../../../../avr/lib/avr5/crtatmega32.o
 *(.init2)
 *(.init3)
 *(.init3)
 *(.init4)
 .init4         0x00000060       0x16 c:/program files (x86)/atmel/studio/7.0/toolchain/avr8/avr8-gnu-toolchain/bin/../lib/gcc/avr/5.4.0/avr5\libgcc.a(_copy_data.o)
                0x00000060                __do_copy_data
 .init4         0x00000076       0x10 c:/program files (x86)/atmel/studio/7.0/toolchain/avr8/avr8-gnu-toolchain/bin/../lib/gcc/avr/5.4.0/avr5\libgcc.a(_clear_bss.o)
                0x00000076                __do_clear_bss
 *(.init4)
 *(.init5)
 *(.init5)
 *(.init6)
 *(.init6)
 *(.init7)
 *(.init7)
 *(.init8)
 *(.init8)
 *(.init9)
 .init9         0x00000086        0x8 c:/program files (x86)/atmel/studio/7.0/toolchain/avr8/avr8-gnu-toolchain/bin/../lib/gcc/avr/5.4.0/../../../../avr/lib/avr5/crtatmega32.o
 *(.init9)
 *(.text)
 .text          0x0000008e        0x4 c:/program files (x86)/atmel/studio/7.0/toolchain/avr8/avr8-gnu-toolchain/bin/../lib/gcc/avr/5.4.0/../../../../avr/lib/avr5/crtatmega32.o
                0x0000008e                __vector_1
                0x0000008e                __vector_12
                0x0000008e                __bad_interrupt
                0x0000008e                __vector_6
                0x0000008e                __vector_11
                0x0000008e                __vector_13
                0x0000008e                __vector_17
                0x0000008e                __vector_19
                0x0000008e                __vector_5
                0x0000008e                __vector_4
                0x0000008e                __vector_9
                0x0000008e                __vector_2
                0x0000008e                __vector_15
                0x0000008e                __vector_8
                0x0000008e                __vector_14
                0x0000008e                __vector_16
                0x0000008e                __vector_18
                0x0000008e                __vector_20
                0x00000092                . = ALIGN (0x2)
 *(.text.*)
 .text.main     0x00000092       0x26 APP/Main/main.o
                0x00000092                main
 .text.__vector_3
                0x000000b8       0x6e APP/Main/main.o
                0x000000b8                __vector_3
 .text.__vector_7
                0x00000126       0x1e APP/Main/main.o
                0x00000126                __vector_7
 .text.__vector_10
                0x00000144       0x5c APP/Main/main.o
                0x00000144                __vector_10
 .text.MODE_Set
                0x000001a0       0x8e APP/System/System.o
                0x000001a0                MODE_Set
 .text.change_temp
                0x0000022e       0x72 APP/System/System.o
                0x0000022e                change_temp
 .text.add_new_temp
                0x000002a0       0x36 APP/System/System.o
                0x000002a0                add_new_temp
 .text.calc_avg_temp
                0x000002d6       0x3a APP/System/System.o
                0x000002d6                calc_avg_temp
 .text.MODE_ON  0x00000310       0x7a APP/System/System.o
                0x00000310                MODE_ON
 .text.temp_arr_init
                0x0000038a       0x52 APP/System/System.o
                0x0000038a                temp_arr_init
 .text.SYS_init
                0x000003dc       0x60 APP/System/System.o
                0x000003dc                SYS_init
 .text.go_to_sleep
                0x0000043c       0x1a APP/System/System.o
                0x0000043c                go_to_sleep
 .text.MODE_OFF
                0x00000456       0x16 APP/System/System.o
                0x00000456                MODE_OFF
 .text.Buttons_init
                0x0000046c       0x2c HAL/BTN/BTN.o
                0x0000046c                Buttons_init
 .text.UP_pressed
                0x00000498       0x52 HAL/BTN/BTN.o
                0x00000498                UP_pressed
 .text.DOWN_pressed
                0x000004ea       0x52 HAL/BTN/BTN.o
                0x000004ea                DOWN_pressed
 .text.START_COOL
                0x0000053c        0xa HAL/COOL_HEAT/Cooling.o
                0x0000053c                START_COOL
 .text.STOP_COOL
                0x00000546        0xa HAL/COOL_HEAT/Cooling.o
                0x00000546                STOP_COOL
 .text.START_HEAT
                0x00000550        0xa HAL/COOL_HEAT/Cooling.o
                0x00000550                START_HEAT
 .text.STOP_HEAT
                0x0000055a        0xa HAL/COOL_HEAT/Cooling.o
                0x0000055a                STOP_HEAT
 .text.LED0_ON  0x00000564        0xa HAL/LED/LED.o
                0x00000564                LED0_ON
 .text.LED0_OFF
                0x0000056e        0xa HAL/LED/LED.o
                0x0000056e                LED0_OFF
 .text.SSD_send
                0x00000578       0x10 HAL/SSD/Seven_Seg.o
                0x00000578                SSD_send
 .text.SSD_enable
                0x00000588       0x2a HAL/SSD/Seven_Seg.o
                0x00000588                SSD_enable
 .text.SSD_disable
                0x000005b2       0x12 HAL/SSD/Seven_Seg.o
                0x000005b2                SSD_disable
 .text.SSD_turn_off
                0x000005c4        0xa HAL/SSD/Seven_Seg.o
                0x000005c4                SSD_turn_off
 .text.SSD_write
                0x000005ce       0x90 HAL/SSD/Seven_Seg.o
                0x000005ce                SSD_write
 .text.ADC_init
                0x0000065e       0x44 MCAL/ADC/ADC.o
                0x0000065e                ADC_init
 .text.ADC_read
                0x000006a2       0x1e MCAL/ADC/ADC.o
                0x000006a2                ADC_read
 .text.DIO_WriteChannel
                0x000006c0      0x10e MCAL/DIO/DIO_CORE.o
                0x000006c0                DIO_WriteChannel
 .text.DIO_ReadChannel
                0x000007ce       0x82 MCAL/DIO/DIO_CORE.o
                0x000007ce                DIO_ReadChannel
 .text.DIO_WritePort
                0x00000850       0x26 MCAL/DIO/DIO_CORE.o
                0x00000850                DIO_WritePort
 .text.EEPROM_read
                0x00000876        0xe MCAL/EEPROM/EEPROM_Core.o
                0x00000876                EEPROM_read
 .text.EEPROM_write
                0x00000884       0x34 MCAL/EEPROM/EEPROM_Core.o
                0x00000884                EEPROM_write
 .text.PORT_Init
                0x000008b8      0x108 MCAL/PORT/PORT_Core.o
                0x000008b8                PORT_Init
 .text.Timer0_Init
                0x000009c0       0x12 MCAL/Timer/Timer.o
                0x000009c0                Timer0_Init
 .text.Timer1_Init
                0x000009d2       0x14 MCAL/Timer/Timer.o
                0x000009d2                Timer1_Init
 .text.Timer1_INT_enable
                0x000009e6        0x8 MCAL/Timer/Timer.o
                0x000009e6                Timer1_INT_enable
 .text.avr-libc.fplib
                0x000009ee       0x5e c:/program files (x86)/atmel/studio/7.0/toolchain/avr8/avr8-gnu-toolchain/bin/../lib/gcc/avr/5.4.0/../../../../avr/lib/avr5\libm.a(fixunssfsi.o)
                0x000009ee                __fixunssfsi
 .text.avr-libc.fplib
                0x00000a4c       0x7a c:/program files (x86)/atmel/studio/7.0/toolchain/avr8/avr8-gnu-toolchain/bin/../lib/gcc/avr/5.4.0/../../../../avr/lib/avr5\libm.a(floatsisf.o)
                0x00000a4c                __floatunsisf
                0x00000a50                __floatsisf
 .text.avr-libc.fplib
                0x00000ac6       0x44 c:/program files (x86)/atmel/studio/7.0/toolchain/avr8/avr8-gnu-toolchain/bin/../lib/gcc/avr/5.4.0/../../../../avr/lib/avr5\libm.a(fp_split3.o)
                0x00000ac6                __fp_split3
                0x00000ad6                __fp_splitA
 .text.avr-libc.fplib
                0x00000b0a        0xe c:/program files (x86)/atmel/studio/7.0/toolchain/avr8/avr8-gnu-toolchain/bin/../lib/gcc/avr/5.4.0/../../../../avr/lib/avr5\libm.a(fp_zero.o)
                0x00000b0a                __fp_zero
                0x00000b0c                __fp_szero
 .text.avr-libc.fplib
                0x00000b18        0x8 c:/program files (x86)/atmel/studio/7.0/toolchain/avr8/avr8-gnu-toolchain/bin/../lib/gcc/avr/5.4.0/../../../../avr/lib/avr5\libm.a(mulsf3.o)
                0x00000b18                __mulsf3
 .text.avr-libc.fplib
                0x00000b20       0xd2 c:/program files (x86)/atmel/studio/7.0/toolchain/avr8/avr8-gnu-toolchain/bin/../lib/gcc/avr/5.4.0/../../../../avr/lib/avr5\libm.a(mulsf3x.o)
                0x00000b3e                __mulsf3x
                0x00000b44                __mulsf3_pse
 .text.avr-libc.fplib
                0x00000bf2        0xc c:/program files (x86)/atmel/studio/7.0/toolchain/avr8/avr8-gnu-toolchain/bin/../lib/gcc/avr/5.4.0/../../../../avr/lib/avr5\libm.a(fp_inf.o)
                0x00000bf2                __fp_inf
 .text.avr-libc.fplib
                0x00000bfe        0x6 c:/program files (x86)/atmel/studio/7.0/toolchain/avr8/avr8-gnu-toolchain/bin/../lib/gcc/avr/5.4.0/../../../../avr/lib/avr5\libm.a(fp_nan.o)
                0x00000bfe                __fp_nan
 .text.avr-libc.fplib
                0x00000c04        0xe c:/program files (x86)/atmel/studio/7.0/toolchain/avr8/avr8-gnu-toolchain/bin/../lib/gcc/avr/5.4.0/../../../../avr/lib/avr5\libm.a(fp_pscA.o)
                0x00000c04                __fp_pscA
 .text.avr-libc.fplib
                0x00000c12        0xe c:/program files (x86)/atmel/studio/7.0/toolchain/avr8/avr8-gnu-toolchain/bin/../lib/gcc/avr/5.4.0/../../../../avr/lib/avr5\libm.a(fp_pscB.o)
                0x00000c12                __fp_pscB
 .text.avr-libc.fplib
                0x00000c20       0x22 c:/program files (x86)/atmel/studio/7.0/toolchain/avr8/avr8-gnu-toolchain/bin/../lib/gcc/avr/5.4.0/../../../../avr/lib/avr5\libm.a(fp_round.o)
                0x00000c20                __fp_round
 .text.libgcc.mul
                0x00000c42       0x1e c:/program files (x86)/atmel/studio/7.0/toolchain/avr8/avr8-gnu-toolchain/bin/../lib/gcc/avr/5.4.0/avr5\libgcc.a(_umulhisi3.o)
                0x00000c42                __umulhisi3
                0x00000c60                . = ALIGN (0x2)
 *(.fini9)
 .fini9         0x00000c60        0x0 c:/program files (x86)/atmel/studio/7.0/toolchain/avr8/avr8-gnu-toolchain/bin/../lib/gcc/avr/5.4.0/avr5\libgcc.a(_exit.o)
                0x00000c60                _exit
                0x00000c60                exit
 *(.fini9)
 *(.fini8)
 *(.fini8)
 *(.fini7)
 *(.fini7)
 *(.fini6)
 *(.fini6)
 *(.fini5)
 *(.fini5)
 *(.fini4)
 *(.fini4)
 *(.fini3)
 *(.fini3)
 *(.fini2)
 *(.fini2)
 *(.fini1)
 *(.fini1)
 *(.fini0)
 .fini0         0x00000c60        0x4 c:/program files (x86)/atmel/studio/7.0/toolchain/avr8/avr8-gnu-toolchain/bin/../lib/gcc/avr/5.4.0/avr5\libgcc.a(_exit.o)
 *(.fini0)
                0x00000c64                _etext = .

.data           0x00800060       0x3c load address 0x00000c64
                0x00800060                PROVIDE (__data_start, .)
 *(.data)
 *(.data*)
 .data.seven_seg
                0x00800060        0xa HAL/SSD/Seven_Seg.o
                0x00800060                seven_seg
 *(.gnu.linkonce.d*)
 *(.rodata)
 *(.rodata*)
 .rodata.PORT_Initialization
                0x0080006a       0x32 MCAL/MCAL_CFG/PORT_CFG/PORT_CFG.o
                0x0080006a                PORT_Initialization
 *(.gnu.linkonce.r*)
                0x0080009c                . = ALIGN (0x2)
                0x0080009c                _edata = .
                0x0080009c                PROVIDE (__data_end, .)

.bss            0x0080009c       0x22
                0x0080009c                PROVIDE (__bss_start, .)
 *(.bss)
 *(.bss*)
 *(COMMON)
 COMMON         0x0080009c       0x22 APP/Main/main.o
                0x0080009c                MODE
                0x0080009d                arr_counter
                0x0080009f                toggle_flag
                0x008000a1                setting_counter
                0x008000a2                desired_temp
                0x008000a4                actual_temp
                0x008000a6                avg_temp
                0x008000a8                temp_measure_flag
                0x008000a9                temp_measure_counter
                0x008000aa                temp_arr
                0x008000be                PROVIDE (__bss_end, .)
                0x00000c64                __data_load_start = LOADADDR (.data)
                0x00000ca0                __data_load_end = (__data_load_start + SIZEOF (.data))

.noinit         0x008000be        0x0
                [!provide]                PROVIDE (__noinit_start, .)
 *(.noinit*)
                [!provide]                PROVIDE (__noinit_end, .)
                0x008000be                _end = .
                [!provide]                PROVIDE (__heap_start, .)

.eeprom         0x00810000        0x0
 *(.eeprom*)
                0x00810000                __eeprom_end = .

.fuse
 *(.fuse)
 *(.lfuse)
 *(.hfuse)
 *(.efuse)

.lock
 *(.lock*)

.signature
 *(.signature*)

.user_signatures
 *(.user_signatures*)

.stab
 *(.stab)

.stabstr
 *(.stabstr)

.stab.excl
 *(.stab.excl)

.stab.exclstr
 *(.stab.exclstr)

.stab.index
 *(.stab.index)

.stab.indexstr
 *(.stab.indexstr)

.comment        0x00000000       0x30
 *(.comment)
 .comment       0x00000000       0x30 APP/Main/main.o
                                 0x31 (size before relaxing)
 .comment       0x00000030       0x31 APP/System/System.o
 .comment       0x00000030       0x31 HAL/BTN/BTN.o
 .comment       0x00000030       0x31 HAL/COOL_HEAT/Cooling.o
 .comment       0x00000030       0x31 HAL/LED/LED.o
 .comment       0x00000030       0x31 HAL/SSD/Seven_Seg.o
 .comment       0x00000030       0x31 MCAL/ADC/ADC.o
 .comment       0x00000030       0x31 MCAL/DIO/DIO_CORE.o
 .comment       0x00000030       0x31 MCAL/EEPROM/EEPROM_Core.o
 .comment       0x00000030       0x31 MCAL/MCAL_CFG/PORT_CFG/PORT_CFG.o
 .comment       0x00000030       0x31 MCAL/PORT/PORT_Core.o
 .comment       0x00000030       0x31 MCAL/Timer/Timer.o

.note.gnu.avr.deviceinfo
                0x00000000       0x3c
 .note.gnu.avr.deviceinfo
                0x00000000       0x3c c:/program files (x86)/atmel/studio/7.0/toolchain/avr8/avr8-gnu-toolchain/bin/../lib/gcc/avr/5.4.0/../../../../avr/lib/avr5/crtatmega32.o

.note.gnu.build-id
 *(.note.gnu.build-id)

.debug
 *(.debug)

.line
 *(.line)

.debug_srcinfo
 *(.debug_srcinfo)

.debug_sfnames
 *(.debug_sfnames)

.debug_aranges  0x00000000      0x2b0
 *(.debug_aranges)
 .debug_aranges
                0x00000000       0x38 APP/Main/main.o
 .debug_aranges
                0x00000038       0x60 APP/System/System.o
 .debug_aranges
                0x00000098       0x30 HAL/BTN/BTN.o
 .debug_aranges
                0x000000c8       0x38 HAL/COOL_HEAT/Cooling.o
 .debug_aranges
                0x00000100       0x30 HAL/LED/LED.o
 .debug_aranges
                0x00000130       0x40 HAL/SSD/Seven_Seg.o
 .debug_aranges
                0x00000170       0x28 MCAL/ADC/ADC.o
 .debug_aranges
                0x00000198       0x50 MCAL/DIO/DIO_CORE.o
 .debug_aranges
                0x000001e8       0x28 MCAL/EEPROM/EEPROM_Core.o
 .debug_aranges
                0x00000210       0x18 MCAL/MCAL_CFG/PORT_CFG/PORT_CFG.o
 .debug_aranges
                0x00000228       0x20 MCAL/PORT/PORT_Core.o
 .debug_aranges
                0x00000248       0x68 MCAL/Timer/Timer.o

.debug_pubnames
 *(.debug_pubnames)

.debug_info     0x00000000     0x1ed3
 *(.debug_info .gnu.linkonce.wi.*)
 .debug_info    0x00000000      0x4e6 c:/program files (x86)/atmel/studio/7.0/toolchain/avr8/avr8-gnu-toolchain/bin/../lib/gcc/avr/5.4.0/../../../../avr/lib/avr5/crtatmega32.o
 .debug_info    0x000004e6      0x25c APP/Main/main.o
 .debug_info    0x00000742      0x642 APP/System/System.o
 .debug_info    0x00000d84      0x2b7 HAL/BTN/BTN.o
 .debug_info    0x0000103b      0x160 HAL/COOL_HEAT/Cooling.o
 .debug_info    0x0000119b      0x11d HAL/LED/LED.o
 .debug_info    0x000012b8      0x388 HAL/SSD/Seven_Seg.o
 .debug_info    0x00001640       0xd4 MCAL/ADC/ADC.o
 .debug_info    0x00001714      0x2bc MCAL/DIO/DIO_CORE.o
 .debug_info    0x000019d0       0xe8 MCAL/EEPROM/EEPROM_Core.o
 .debug_info    0x00001ab8       0xe8 MCAL/MCAL_CFG/PORT_CFG/PORT_CFG.o
 .debug_info    0x00001ba0      0x146 MCAL/PORT/PORT_Core.o
 .debug_info    0x00001ce6      0x1ed MCAL/Timer/Timer.o

.debug_abbrev   0x00000000      0xf1c
 *(.debug_abbrev)
 .debug_abbrev  0x00000000      0x4a3 c:/program files (x86)/atmel/studio/7.0/toolchain/avr8/avr8-gnu-toolchain/bin/../lib/gcc/avr/5.4.0/../../../../avr/lib/avr5/crtatmega32.o
 .debug_abbrev  0x000004a3      0x102 APP/Main/main.o
 .debug_abbrev  0x000005a5      0x1a6 APP/System/System.o
 .debug_abbrev  0x0000074b      0x134 HAL/BTN/BTN.o
 .debug_abbrev  0x0000087f       0x87 HAL/COOL_HEAT/Cooling.o
 .debug_abbrev  0x00000906       0x7c HAL/LED/LED.o
 .debug_abbrev  0x00000982      0x173 HAL/SSD/Seven_Seg.o
 .debug_abbrev  0x00000af5       0x7a MCAL/ADC/ADC.o
 .debug_abbrev  0x00000b6f      0x104 MCAL/DIO/DIO_CORE.o
 .debug_abbrev  0x00000c73       0x8f MCAL/EEPROM/EEPROM_Core.o
 .debug_abbrev  0x00000d02       0x86 MCAL/MCAL_CFG/PORT_CFG/PORT_CFG.o
 .debug_abbrev  0x00000d88       0xc4 MCAL/PORT/PORT_Core.o
 .debug_abbrev  0x00000e4c       0xd0 MCAL/Timer/Timer.o

.debug_line     0x00000000     0x115e
 *(.debug_line .debug_line.* .debug_line_end)
 .debug_line    0x00000000       0x1a c:/program files (x86)/atmel/studio/7.0/toolchain/avr8/avr8-gnu-toolchain/bin/../lib/gcc/avr/5.4.0/../../../../avr/lib/avr5/crtatmega32.o
 .debug_line    0x0000001a      0x127 APP/Main/main.o
 .debug_line    0x00000141      0x3bf APP/System/System.o
 .debug_line    0x00000500      0x1f9 HAL/BTN/BTN.o
 .debug_line    0x000006f9       0xaa HAL/COOL_HEAT/Cooling.o
 .debug_line    0x000007a3       0x8a HAL/LED/LED.o
 .debug_line    0x0000082d      0x204 HAL/SSD/Seven_Seg.o
 .debug_line    0x00000a31       0xc8 MCAL/ADC/ADC.o
 .debug_line    0x00000af9      0x291 MCAL/DIO/DIO_CORE.o
 .debug_line    0x00000d8a       0xd6 MCAL/EEPROM/EEPROM_Core.o
 .debug_line    0x00000e60       0x61 MCAL/MCAL_CFG/PORT_CFG/PORT_CFG.o
 .debug_line    0x00000ec1      0x120 MCAL/PORT/PORT_Core.o
 .debug_line    0x00000fe1      0x17d MCAL/Timer/Timer.o

.debug_frame    0x00000000      0x4b4
 *(.debug_frame)
 .debug_frame   0x00000000       0xcc APP/Main/main.o
 .debug_frame   0x000000cc       0xa4 APP/System/System.o
 .debug_frame   0x00000170       0x64 HAL/BTN/BTN.o
 .debug_frame   0x000001d4       0x54 HAL/COOL_HEAT/Cooling.o
 .debug_frame   0x00000228       0x44 HAL/LED/LED.o
 .debug_frame   0x0000026c       0x78 HAL/SSD/Seven_Seg.o
 .debug_frame   0x000002e4       0x34 MCAL/ADC/ADC.o
 .debug_frame   0x00000318       0x84 MCAL/DIO/DIO_CORE.o
 .debug_frame   0x0000039c       0x34 MCAL/EEPROM/EEPROM_Core.o
 .debug_frame   0x000003d0       0x24 MCAL/PORT/PORT_Core.o
 .debug_frame   0x000003f4       0xc0 MCAL/Timer/Timer.o

.debug_str      0x00000000      0x8a3
 *(.debug_str)
 .debug_str     0x00000000      0x196 c:/program files (x86)/atmel/studio/7.0/toolchain/avr8/avr8-gnu-toolchain/bin/../lib/gcc/avr/5.4.0/../../../../avr/lib/avr5/crtatmega32.o
 .debug_str     0x00000196      0x243 APP/Main/main.o
                                0x280 (size before relaxing)
 .debug_str     0x000003d9      0x141 APP/System/System.o
                                0x387 (size before relaxing)
 .debug_str     0x0000051a       0x8e HAL/BTN/BTN.o
                                0x23f (size before relaxing)
 .debug_str     0x000005a8       0x1b HAL/COOL_HEAT/Cooling.o
                                0x1e7 (size before relaxing)
 .debug_str     0x000005c3       0x64 HAL/LED/LED.o
                                0x1a1 (size before relaxing)
 .debug_str     0x00000627       0x70 HAL/SSD/Seven_Seg.o
                                0x273 (size before relaxing)
 .debug_str     0x00000697       0x17 MCAL/ADC/ADC.o
                                0x1ab (size before relaxing)
 .debug_str     0x000006ae       0x6d MCAL/DIO/DIO_CORE.o
                                0x20a (size before relaxing)
 .debug_str     0x0000071b       0x29 MCAL/EEPROM/EEPROM_Core.o
                                0x197 (size before relaxing)
 .debug_str     0x00000744       0x7b MCAL/MCAL_CFG/PORT_CFG/PORT_CFG.o
                                0x1cc (size before relaxing)
 .debug_str     0x000007bf       0x1e MCAL/PORT/PORT_Core.o
                                0x1cf (size before relaxing)
 .debug_str     0x000007dd       0xc6 MCAL/Timer/Timer.o
                                0x238 (size before relaxing)

.debug_loc      0x00000000      0xda7
 *(.debug_loc)
 .debug_loc     0x00000000      0x16a APP/Main/main.o
 .debug_loc     0x0000016a       0xe5 APP/System/System.o
 .debug_loc     0x0000024f      0x11c HAL/BTN/BTN.o
 .debug_loc     0x0000036b      0x214 HAL/SSD/Seven_Seg.o
 .debug_loc     0x0000057f       0x2b MCAL/ADC/ADC.o
 .debug_loc     0x000005aa      0x53e MCAL/DIO/DIO_CORE.o
 .debug_loc     0x00000ae8       0xa1 MCAL/EEPROM/EEPROM_Core.o
 .debug_loc     0x00000b89      0x151 MCAL/PORT/PORT_Core.o
 .debug_loc     0x00000cda       0xcd MCAL/Timer/Timer.o

.debug_macinfo
 *(.debug_macinfo)

.debug_weaknames
 *(.debug_weaknames)

.debug_funcnames
 *(.debug_funcnames)

.debug_typenames
 *(.debug_typenames)

.debug_varnames
 *(.debug_varnames)

.debug_pubtypes
 *(.debug_pubtypes)

.debug_ranges   0x00000000      0x200
 *(.debug_ranges)
 .debug_ranges  0x00000000       0x28 APP/Main/main.o
 .debug_ranges  0x00000028       0x68 APP/System/System.o
 .debug_ranges  0x00000090       0x20 HAL/BTN/BTN.o
 .debug_ranges  0x000000b0       0x28 HAL/COOL_HEAT/Cooling.o
 .debug_ranges  0x000000d8       0x20 HAL/LED/LED.o
 .debug_ranges  0x000000f8       0x30 HAL/SSD/Seven_Seg.o
 .debug_ranges  0x00000128       0x18 MCAL/ADC/ADC.o
 .debug_ranges  0x00000140       0x40 MCAL/DIO/DIO_CORE.o
 .debug_ranges  0x00000180       0x18 MCAL/EEPROM/EEPROM_Core.o
 .debug_ranges  0x00000198       0x10 MCAL/PORT/PORT_Core.o
 .debug_ranges  0x000001a8       0x58 MCAL/Timer/Timer.o

.debug_macro
 *(.debug_macro)
OUTPUT(Heating-Cooling System.elf elf32-avr)
LOAD linker stubs
